• Packages in scope: @repo/eslint-config, @repo/typescript-config, @repo/ui, voltagent, web
• Running dev in 5 packages
• Remote caching disabled
web:dev: cache bypass, force executing d8ba44922a3a5a28
voltagent:dev: cache bypass, force executing 6e6a5db90a9c99ec
web:dev: $ next dev
voltagent:dev: $ tsx watch --env-file=.env ./src/index.ts
web:dev: ▲ Next.js 16.1.4 (Turbopack)
web:dev: - Local:         http://localhost:3000
web:dev: - Network:       http://192.168.1.123:3000
web:dev: - Environments: .env.local
web:dev: 
web:dev: ✓ Starting...
web:dev: ✓ Ready in 1091ms
voltagent:dev: 
voltagent:dev: 
voltagent:dev: [36m══════════════════════════════════════════════════[0m
voltagent:dev: [1m[33m  VOLTAGENT SERVER STARTED SUCCESSFULLY[0m
voltagent:dev: [36m══════════════════════════════════════════════════[0m
voltagent:dev: [32m  ✓ [1mHTTP Server:  [0m[37mhttp://localhost:3141[0m
voltagent:dev: [34m  ↪ [1mShare it:    [0m[37mpnpm volt tunnel 3141[0m [2m(secure HTTPS tunnel for teammates)[0m
voltagent:dev: [34m  ↪ [1mDeploy it:   [0m[37mhttps://console.voltagent.dev/deployments[0m
voltagent:dev: [32m  ✓ [1mSwagger UI:   [0m[37mhttp://localhost:3141/ui[0m
voltagent:dev: 
voltagent:dev: [1m[33m  [1mTest your agents with VoltOps Console: [0m[37mhttps://console.voltagent.dev[0m
voltagent:dev: [36m══════════════════════════════════════════════════[0m
voltagent:dev: 
voltagent:dev:   [33m⚡[0m [1mIntroducing VoltOps Deployments[0m [2m→[0m https://console.voltagent.dev/deployments
voltagent:dev:   [33m⚡[0m [1mVoltAgent RAG Is Live[0m [2m→[0m https://voltagent.dev/docs/rag/voltagent/
web:dev: Comparison images not found: null []
web:dev:  GET /dashboard/projects/2ac3aafd-c857-4a7a-85c6-268230b83855/edit-image/b9417747-75ce-4a84-87d5-f547ff1c2375/compare/c65ce049-cc61-44e9-ba15-a13ba19db4fd 200 in 1968ms (compile: 881ms, proxy.ts: 650ms, render: 438ms)
web:dev:  GET /dev-sw.js?dev-sw 404 in 193ms (compile: 30ms, proxy.ts: 130ms, render: 33ms)
web:dev:  GET /dashboard/projects 404 in 126ms (compile: 4ms, proxy.ts: 100ms, render: 21ms)
web:dev:  GET /dev-sw.js?dev-sw 404 in 131ms (compile: 8ms, proxy.ts: 99ms, render: 23ms)
web:dev:  GET /dashboard/projects 404 in 118ms (compile: 3ms, proxy.ts: 96ms, render: 19ms)
web:dev:  GET /dev-sw.js?dev-sw 404 in 125ms (compile: 4ms, proxy.ts: 104ms, render: 16ms)
web:dev:  GET /dashboard 200 in 524ms (compile: 32ms, proxy.ts: 104ms, render: 388ms)
web:dev:  GET /dev-sw.js?dev-sw 404 in 179ms (compile: 3ms, proxy.ts: 152ms, render: 24ms)
web:dev:  GET /dashboard/projects/2ac3aafd-c857-4a7a-85c6-268230b83855 200 in 775ms (compile: 355ms, proxy.ts: 107ms, render: 313ms)
web:dev:  POST /dashboard/projects/2ac3aafd-c857-4a7a-85c6-268230b83855 200 in 724ms (compile: 11ms, proxy.ts: 158ms, render: 555ms)
web:dev: [NanoBananaAPI] Starting creative execution for project 2ac3aafd-c857-4a7a-85c6-268230b83855
web:dev:  GET /dev-sw.js?dev-sw 404 in 207ms (compile: 12ms, proxy.ts: 165ms, render: 30ms)
web:dev: [NanoBananaAPI] RAW VoltAgent Response: {
web:dev:   "success": true,
web:dev:   "data": {
web:dev:     "executionId": "e14a883c-4862-47c2-8cba-d3bb20e952ba",
web:dev:     "startAt": "2026-02-02T14:14:09.167Z",
web:dev:     "endAt": "2026-02-02T14:14:57.030Z",
web:dev:     "status": "completed",
web:dev:     "result": null
web:dev:   }
web:dev: }
web:dev: [NanoBananaAPI] Initial parse: executionId=e14a883c-4862-47c2-8cba-d3bb20e952ba, status=completed
web:dev: [NanoBananaAPI] Enhanced brief in initial response: NO
web:dev: [NanoBananaAPI] Full workflow data keys: [ 'executionId', 'startAt', 'endAt', 'status', 'result' ]
web:dev: [NanoBananaAPI] Fetching execution details for e14a883c-4862-47c2-8cba-d3bb20e952ba...
web:dev: [NanoBananaAPI] Trying endpoint: http://localhost:3141/workflows/creative-fanout-v2/executions/e14a883c-4862-47c2-8cba-d3bb20e952ba/state
web:dev: [NanoBananaAPI] Success with endpoint: http://localhost:3141/workflows/creative-fanout-v2/executions/e14a883c-4862-47c2-8cba-d3bb20e952ba/state
web:dev: [NanoBananaAPI] Execution details: {
web:dev:   "success": true,
web:dev:   "data": {
web:dev:     "id": "e14a883c-4862-47c2-8cba-d3bb20e952ba",
web:dev:     "workflowId": "creative-fanout-v2",
web:dev:     "workflowName": "Creative Fan-out V2 (Vertical Slice)",
web:dev:     "status": "suspended",
web:dev:     "input": {
web:dev:       "brief": "shrek and donkey (from movie Shrek) goes to hobbit's house from(The Lord of The Rings) on dangerous ways with dragon which is donkeys wife.",
web:dev:       "aspect_ratio": "1:1"
web:dev:     },
web:dev:     "workflowState": {},
web:dev:     "metadata": {
web:dev:       "traceId": "488445a9d258bb0b91f7ce16b62cabeb",
web:dev:       "spanId": "830d8a4c1f4315d5"
web:dev:     },
web:dev:     "createdAt": "2026-02-02T14:14:09.165Z",
web:dev:     "updatedAt": "2026-02-02T14:14:57.030Z",
web:dev:     "suspension": {
web:dev:       "suspendedAt": "2026-02-02T14:14:57.028Z",
web:dev:       "reason": "wait-for-feedback",
web:dev:       "stepIndex": 1,
web:dev:       "lastEventSequence": 0,
web:dev:       "checkpoint": {
web:dev:         "stepExecutionState": {
web:dev:           "enhancedBrief": {
web:dev:             "brief_type": "product",
web:dev:             "product": {
web:dev:               "category": "entertainment - animated crossover short",
web:dev:               "variant": "social-first video (15s teaser + 60s full edit)",
web:dev:               "hero_feature": "comedic fantasy crossover starring Shrek and Donkey traveling to a hobbit's house while accompanied by a dragon (Donkey's wife)",
web:dev:               "format": "hybrid 2D/3D animation delivered as social-ready MP4 H.264",
web:dev:               "runtime": "primary 15 seconds (feed/reel), full 60 seconds (premiere)",
web:dev:               "tone": "adventurous, humorous, family-friendly"
web:dev:             },
web:dev:             "goal": {
web:dev:               "primary": "Create a highly shareable social video that engages fans of both franchises and drives virality and social follows",
web:dev:               "secondary": "Drive traffic to the creator/studio channel for the full 60s premiere and collect new followers/subscribers"
web:dev:             },
web:dev:             "target_audience": {
web:dev:               "demographics": "Age 16-45, global English-speaking skew, fans of fantasy films and animated comedies, both genders",
web:dev:               "psychographics": "Enjoys fandom mashups, meme culture, humorous buddy stories, and unexpected crossovers; values nostalgia and comedic subversion",
web:dev:               "behaviors": "Regularly consumes short-form video on Instagram/TikTok/YouTube Shorts, follows fan-art and movie-fandom accounts, shares viral clips"
web:dev:             },
web:dev:             "usp": "A playful, unexpected crossover that blends beloved animated characters with epic fantasy settings — featuring a comedic twist where Donkey's wife is a dragon — designed for shareable short-form video.",
web:dev:             "offer": {
web:dev:               "type": "exclusive premiere + follow incentive",
web:dev:               "value": "15s teaser on Instagram/TikTok with a 60s full premiere on the creator's YouTube; viewers who follow the channel get a behind-the-scenes clip after premiere"
web:dev:             },
web:dev:             "placements": [
web:dev:               {
web:dev:                 "platform": "Instagram Feed",
web:dev:                 "format/aspect_ratio": "4:5"
web:dev:               },
web:dev:               {
web:dev:                 "platform": "Instagram Story / Reels",
web:dev:                 "format/aspect_ratio": "9:16"
web:dev:               },
web:dev:               {
web:dev:                 "platform": "TikTok Feed",
web:dev:                 "format/aspect_ratio": "9:16"
web:dev:               },
web:dev:               {
web:dev:                 "platform": "YouTube Shorts (premiere)",
web:dev:                 "format/aspect_ratio": "9:16"
web:dev:               }
web:dev:             ],
web:dev:             "visual_direction": {
web:dev:               "mood": "playful adventure with comedic beats and warm nostalgia",
web:dev:               "palette": "earthy greens and browns (Shrek/hobbit tones) with warm ember/orange accents for dragon fire and danger highlights",
web:dev:               "lighting": "cinematic rim/backlighting for character silhouettes, soft warm key light for hobbit home, high-contrast highlights on dragon scales",
web:dev:               "composition": "dynamic rule-of-thirds framing, low-angle hero shots for Shrek/Donkey, wide establishing shots for dangerous winding paths, close comedic two-shots for interactions",
web:dev:               "animation_style": "expressive character animation leaning on exaggerated comic timing, fluid camera moves (dolly/whip-pan) and fast cuts for the 15s edit",
web:dev:               "props_and_set": "winding mountain path, rustic hobbit door/round-window, small campfire embers, dragon wings/scale details as a character accessory"
web:dev:             },
web:dev:             "must_haves": [
web:dev:               "Clear, readable silhouettes of Shrek and Donkey (recognizable poses and proportions)",
web:dev:               "The hobbit-style house as the destination set piece (round door, warm light inside)",
web:dev:               "The dragon character presented as Donkey's wife — expressive, slightly comedic, with warm ember accents (no graphic fire gore)",
web:dev:               "Fast-paced edit for the 15s cut with one clear comedic payoff moment",
web:dev:               "Deliver vertical 9:16 and vertical-friendly 4:5 crops with safe framing for faces"
web:dev:             ],
web:dev:             "must_avoid": [
web:dev:               "Any graphic violence, gore, or sexualized portrayal of characters",
web:dev:               "Use of official studio logos, title treatments or verbatim copyrighted movie text within the image",
web:dev:               "Heavy on-screen text that requires legibility in the visual (overlay text to be handled separately)",
web:dev:               "Modern weapons or contemporary brand placements that break the fantasy tone"
web:dev:             ],
web:dev:             "cta_intent": "discover",
web:dev:             "references": [
web:dev:               "early-2000s family animated comedies for character tone and timing",
web:dev:               "epic fantasy landscape photography for wide establishing shots",
web:dev:               "fan-made crossover shorts and comedic buddy-road-trip animations for pacing and humor"
web:dev:             ],
web:dev:             "assumptions": [
web:dev:               "IP clearance or licensed permission to depict Shrek, Donkey and Lord of the Rings-style hobbit environments will be handled by the requester; if not available, creative direction will use inspired lookalikes",
web:dev:               "Deliverables required: 9:16 master and 4:5 crop, MP4 H.264, sRGB color profile",
web:dev:               "Primary language and audio will be English and will rely on visual storytelling plus simple ADR/voice cues rather than heavy on-screen text"
web:dev:             ],
web:dev:             "questions": [
web:dev:               "Do you have legal clearance to use Shrek and Lord of the Rings characters, or should we design inspired lookalikes?",
web:dev:               "Confirm preferred final runtime for paid placements: 15s only, or also 30s/60s variants?",
web:dev:               "Should character dialogue be original voice acting, mimicry, or silent visual comedy with captions?"
web:dev:             ]
web:dev:           }
web:dev:         },
web:dev:         "completedStepsData": [
web:dev:           0
web:dev:         ],
web:dev:         "workflowState": {}
web:dev:       },
web:dev:       "suspendData": {
web:dev:         "enhancedBrief": {
web:dev:           "brief_type": "product",
web:dev:           "product": {
web:dev:             "category": "entertainment - animated crossover short",
web:dev:             "variant": "social-first video (15s teaser + 60s full edit)",
web:dev:             "hero_feature": "comedic fantasy crossover starring Shrek and Donkey traveling to a hobbit's house while accompanied by a dragon (Donkey's wife)",
web:dev:             "format": "hybrid 2D/3D animation delivered as social-ready MP4 H.264",
web:dev:             "runtime": "primary 15 seconds (feed/reel), full 60 seconds (premiere)",
web:dev:             "tone": "adventurous, humorous, family-friendly"
web:dev:           },
web:dev:           "goal": {
web:dev:             "primary": "Create a highly shareable social video that engages fans of both franchises and drives virality and social follows",
web:dev:             "secondary": "Drive traffic to the creator/studio channel for the full 60s premiere and collect new followers/subscribers"
web:dev:           },
web:dev:           "target_audience": {
web:dev:             "demographics": "Age 16-45, global English-speaking skew, fans of fantasy films and animated comedies, both genders",
web:dev:             "psychographics": "Enjoys fandom mashups, meme culture, humorous buddy stories, and unexpected crossovers; values nostalgia and comedic subversion",
web:dev:             "behaviors": "Regularly consumes short-form video on Instagram/TikTok/YouTube Shorts, follows fan-art and movie-fandom accounts, shares viral clips"
web:dev:           },
web:dev:           "usp": "A playful, unexpected crossover that blends beloved animated characters with epic fantasy settings — featuring a comedic twist where Donkey's wife is a dragon — designed for shareable short-form video.",
web:dev:           "offer": {
web:dev:             "type": "exclusive premiere + follow incentive",
web:dev:             "value": "15s teaser on Instagram/TikTok with a 60s full premiere on the creator's YouTube; viewers who follow the channel get a behind-the-scenes clip after premiere"
web:dev:           },
web:dev:           "placements": [
web:dev:             {
web:dev:               "platform": "Instagram Feed",
web:dev:               "format/aspect_ratio": "4:5"
web:dev:             },
web:dev:             {
web:dev:               "platform": "Instagram Story / Reels",
web:dev:               "format/aspect_ratio": "9:16"
web:dev:             },
web:dev:             {
web:dev:               "platform": "TikTok Feed",
web:dev:               "format/aspect_ratio": "9:16"
web:dev:             },
web:dev:             {
web:dev:               "platform": "YouTube Shorts (premiere)",
web:dev:               "format/aspect_ratio": "9:16"
web:dev:             }
web:dev:           ],
web:dev:           "visual_direction": {
web:dev:             "mood": "playful adventure with comedic beats and warm nostalgia",
web:dev:             "palette": "earthy greens and browns (Shrek/hobbit tones) with warm ember/orange accents for dragon fire and danger highlights",
web:dev:             "lighting": "cinematic rim/backlighting for character silhouettes, soft warm key light for hobbit home, high-contrast highlights on dragon scales",
web:dev:             "composition": "dynamic rule-of-thirds framing, low-angle hero shots for Shrek/Donkey, wide establishing shots for dangerous winding paths, close comedic two-shots for interactions",
web:dev:             "animation_style": "expressive character animation leaning on exaggerated comic timing, fluid camera moves (dolly/whip-pan) and fast cuts for the 15s edit",
web:dev:             "props_and_set": "winding mountain path, rustic hobbit door/round-window, small campfire embers, dragon wings/scale details as a character accessory"
web:dev:           },
web:dev:           "must_haves": [
web:dev:             "Clear, readable silhouettes of Shrek and Donkey (recognizable poses and proportions)",
web:dev:             "The hobbit-style house as the destination set piece (round door, warm light inside)",
web:dev:             "The dragon character presented as Donkey's wife — expressive, slightly comedic, with warm ember accents (no graphic fire gore)",
web:dev:             "Fast-paced edit for the 15s cut with one clear comedic payoff moment",
web:dev:             "Deliver vertical 9:16 and vertical-friendly 4:5 crops with safe framing for faces"
web:dev:           ],
web:dev:           "must_avoid": [
web:dev:             "Any graphic violence, gore, or sexualized portrayal of characters",
web:dev:             "Use of official studio logos, title treatments or verbatim copyrighted movie text within the image",
web:dev:             "Heavy on-screen text that requires legibility in the visual (overlay text to be handled separately)",
web:dev:             "Modern weapons or contemporary brand placements that break the fantasy tone"
web:dev:           ],
web:dev:           "cta_intent": "discover",
web:dev:           "references": [
web:dev:             "early-2000s family animated comedies for character tone and timing",
web:dev:             "epic fantasy landscape photography for wide establishing shots",
web:dev:             "fan-made crossover shorts and comedic buddy-road-trip animations for pacing and humor"
web:dev:           ],
web:dev:           "assumptions": [
web:dev:             "IP clearance or licensed permission to depict Shrek, Donkey and Lord of the Rings-style hobbit environments will be handled by the requester; if not available, creative direction will use inspired lookalikes",
web:dev:             "Deliverables required: 9:16 master and 4:5 crop, MP4 H.264, sRGB color profile",
web:dev:             "Primary language and audio will be English and will rely on visual storytelling plus simple ADR/voice cues rather than heavy on-screen text"
web:dev:           ],
web:dev:           "questions": [
web:dev:             "Do you have legal clearance to use Shrek and Lord of the Rings characters, or should we design inspired lookalikes?",
web:dev:             "Confirm preferred final runtime for paid placements: 15s only, or also 30s/60s variants?",
web:dev:             "Should character dialogue be original voice acting, mimicry, or silent visual comedy with captions?"
web:dev:           ]
web:dev:         }
web:dev:       }
web:dev:     },
web:dev:     "events": [
web:dev:       {
web:dev:         "id": "392ac686-8c74-43ae-919c-631252752bfc",
web:dev:         "type": "workflow-start",
web:dev:         "name": "Creative Fan-out V2 (Vertical Slice)",
web:dev:         "from": "Creative Fan-out V2 (Vertical Slice)",
web:dev:         "startTime": "2026-02-02T14:14:09.167Z",
web:dev:         "endTime": "2026-02-02T14:14:09.167Z",
web:dev:         "status": "running",
web:dev:         "input": {
web:dev:           "brief": "shrek and donkey (from movie Shrek) goes to hobbit's house from(The Lord of The Rings) on dangerous ways with dragon which is donkeys wife.",
web:dev:           "aspect_ratio": "1:1"
web:dev:         }
web:dev:       },
web:dev:       {
web:dev:         "id": "b9b832ed-0ba7-4811-9b4c-0ea96ebbb96a",
web:dev:         "type": "step-start",
web:dev:         "name": "enhance-brief",
web:dev:         "from": "enhance-brief",
web:dev:         "startTime": "2026-02-02T14:14:09.167Z",
web:dev:         "endTime": "2026-02-02T14:14:09.167Z",
web:dev:         "status": "running",
web:dev:         "input": {
web:dev:           "brief": "shrek and donkey (from movie Shrek) goes to hobbit's house from(The Lord of The Rings) on dangerous ways with dragon which is donkeys wife.",
web:dev:           "aspect_ratio": "1:1"
web:dev:         },
web:dev:         "metadata": {
web:dev:           "displayName": "Step 1: enhance-brief"
web:dev:         }
web:dev:       },
web:dev:       {
web:dev:         "id": "ff0d624a-d594-4036-9c12-5e3790cbd27c",
web:dev:         "type": "step-complete",
web:dev:         "name": "enhance-brief",
web:dev:         "from": "enhance-brief",
web:dev:         "startTime": "2026-02-02T14:14:57.026Z",
web:dev:         "endTime": "2026-02-02T14:14:57.026Z",
web:dev:         "status": "success",
web:dev:         "input": {
web:dev:           "enhancedBrief": {
web:dev:             "brief_type": "product",
web:dev:             "product": {
web:dev:               "category": "entertainment - animated crossover short",
web:dev:               "variant": "social-first video (15s teaser + 60s full edit)",
web:dev:               "hero_feature": "comedic fantasy crossover starring Shrek and Donkey traveling to a hobbit's house while accompanied by a dragon (Donkey's wife)",
web:dev:               "format": "hybrid 2D/3D animation delivered as social-ready MP4 H.264",
web:dev:               "runtime": "primary 15 seconds (feed/reel), full 60 seconds (premiere)",
web:dev:               "tone": "adventurous, humorous, family-friendly"
web:dev:             },
web:dev:             "goal": {
web:dev:               "primary": "Create a highly shareable social video that engages fans of both franchises and drives virality and social follows",
web:dev:               "secondary": "Drive traffic to the creator/studio channel for the full 60s premiere and collect new followers/subscribers"
web:dev:             },
web:dev:             "target_audience": {
web:dev:               "demographics": "Age 16-45, global English-speaking skew, fans of fantasy films and animated comedies, both genders",
web:dev:               "psychographics": "Enjoys fandom mashups, meme culture, humorous buddy stories, and unexpected crossovers; values nostalgia and comedic subversion",
web:dev:               "behaviors": "Regularly consumes short-form video on Instagram/TikTok/YouTube Shorts, follows fan-art and movie-fandom accounts, shares viral clips"
web:dev:             },
web:dev:             "usp": "A playful, unexpected crossover that blends beloved animated characters with epic fantasy settings — featuring a comedic twist where Donkey's wife is a dragon — designed for shareable short-form video.",
web:dev:             "offer": {
web:dev:               "type": "exclusive premiere + follow incentive",
web:dev:               "value": "15s teaser on Instagram/TikTok with a 60s full premiere on the creator's YouTube; viewers who follow the channel get a behind-the-scenes clip after premiere"
web:dev:             },
web:dev:             "placements": [
web:dev:               {
web:dev:                 "platform": "Instagram Feed",
web:dev:                 "format/aspect_ratio": "4:5"
web:dev:               },
web:dev:               {
web:dev:                 "platform": "Instagram Story / Reels",
web:dev:                 "format/aspect_ratio": "9:16"
web:dev:               },
web:dev:               {
web:dev:                 "platform": "TikTok Feed",
web:dev:                 "format/aspect_ratio": "9:16"
web:dev:               },
web:dev:               {
web:dev:                 "platform": "YouTube Shorts (premiere)",
web:dev:                 "format/aspect_ratio": "9:16"
web:dev:               }
web:dev:             ],
web:dev:             "visual_direction": {
web:dev:               "mood": "playful adventure with comedic beats and warm nostalgia",
web:dev:               "palette": "earthy greens and browns (Shrek/hobbit tones) with warm ember/orange accents for dragon fire and danger highlights",
web:dev:               "lighting": "cinematic rim/backlighting for character silhouettes, soft warm key light for hobbit home, high-contrast highlights on dragon scales",
web:dev:               "composition": "dynamic rule-of-thirds framing, low-angle hero shots for Shrek/Donkey, wide establishing shots for dangerous winding paths, close comedic two-shots for interactions",
web:dev:               "animation_style": "expressive character animation leaning on exaggerated comic timing, fluid camera moves (dolly/whip-pan) and fast cuts for the 15s edit",
web:dev:               "props_and_set": "winding mountain path, rustic hobbit door/round-window, small campfire embers, dragon wings/scale details as a character accessory"
web:dev:             },
web:dev:             "must_haves": [
web:dev:               "Clear, readable silhouettes of Shrek and Donkey (recognizable poses and proportions)",
web:dev:               "The hobbit-style house as the destination set piece (round door, warm light inside)",
web:dev:               "The dragon character presented as Donkey's wife — expressive, slightly comedic, with warm ember accents (no graphic fire gore)",
web:dev:               "Fast-paced edit for the 15s cut with one clear comedic payoff moment",
web:dev:               "Deliver vertical 9:16 and vertical-friendly 4:5 crops with safe framing for faces"
web:dev:             ],
web:dev:             "must_avoid": [
web:dev:               "Any graphic violence, gore, or sexualized portrayal of characters",
web:dev:               "Use of official studio logos, title treatments or verbatim copyrighted movie text within the image",
web:dev:               "Heavy on-screen text that requires legibility in the visual (overlay text to be handled separately)",
web:dev:               "Modern weapons or contemporary brand placements that break the fantasy tone"
web:dev:             ],
web:dev:             "cta_intent": "discover",
web:dev:             "references": [
web:dev:               "early-2000s family animated comedies for character tone and timing",
web:dev:               "epic fantasy landscape photography for wide establishing shots",
web:dev:               "fan-made crossover shorts and comedic buddy-road-trip animations for pacing and humor"
web:dev:             ],
web:dev:             "assumptions": [
web:dev:               "IP clearance or licensed permission to depict Shrek, Donkey and Lord of the Rings-style hobbit environments will be handled by the requester; if not available, creative direction will use inspired lookalikes",
web:dev:               "Deliverables required: 9:16 master and 4:5 crop, MP4 H.264, sRGB color profile",
web:dev:               "Primary language and audio will be English and will rely on visual storytelling plus simple ADR/voice cues rather than heavy on-screen text"
web:dev:             ],
web:dev:             "questions": [
web:dev:               "Do you have legal clearance to use Shrek and Lord of the Rings characters, or should we design inspired lookalikes?",
web:dev:               "Confirm preferred final runtime for paid placements: 15s only, or also 30s/60s variants?",
web:dev:               "Should character dialogue be original voice acting, mimicry, or silent visual comedy with captions?"
web:dev:             ]
web:dev:           }
web:dev:         },
web:dev:         "output": {
web:dev:           "enhancedBrief": {
web:dev:             "brief_type": "product",
web:dev:             "product": {
web:dev:               "category": "entertainment - animated crossover short",
web:dev:               "variant": "social-first video (15s teaser + 60s full edit)",
web:dev:               "hero_feature": "comedic fantasy crossover starring Shrek and Donkey traveling to a hobbit's house while accompanied by a dragon (Donkey's wife)",
web:dev:               "format": "hybrid 2D/3D animation delivered as social-ready MP4 H.264",
web:dev:               "runtime": "primary 15 seconds (feed/reel), full 60 seconds (premiere)",
web:dev:               "tone": "adventurous, humorous, family-friendly"
web:dev:             },
web:dev:             "goal": {
web:dev:               "primary": "Create a highly shareable social video that engages fans of both franchises and drives virality and social follows",
web:dev:               "secondary": "Drive traffic to the creator/studio channel for the full 60s premiere and collect new followers/subscribers"
web:dev:             },
web:dev:             "target_audience": {
web:dev:               "demographics": "Age 16-45, global English-speaking skew, fans of fantasy films and animated comedies, both genders",
web:dev:               "psychographics": "Enjoys fandom mashups, meme culture, humorous buddy stories, and unexpected crossovers; values nostalgia and comedic subversion",
web:dev:               "behaviors": "Regularly consumes short-form video on Instagram/TikTok/YouTube Shorts, follows fan-art and movie-fandom accounts, shares viral clips"
web:dev:             },
web:dev:             "usp": "A playful, unexpected crossover that blends beloved animated characters with epic fantasy settings — featuring a comedic twist where Donkey's wife is a dragon — designed for shareable short-form video.",
web:dev:             "offer": {
web:dev:               "type": "exclusive premiere + follow incentive",
web:dev:               "value": "15s teaser on Instagram/TikTok with a 60s full premiere on the creator's YouTube; viewers who follow the channel get a behind-the-scenes clip after premiere"
web:dev:             },
web:dev:             "placements": [
web:dev:               {
web:dev:                 "platform": "Instagram Feed",
web:dev:                 "format/aspect_ratio": "4:5"
web:dev:               },
web:dev:               {
web:dev:                 "platform": "Instagram Story / Reels",
web:dev:                 "format/aspect_ratio": "9:16"
web:dev:               },
web:dev:               {
web:dev:                 "platform": "TikTok Feed",
web:dev:                 "format/aspect_ratio": "9:16"
web:dev:               },
web:dev:               {
web:dev:                 "platform": "YouTube Shorts (premiere)",
web:dev:                 "format/aspect_ratio": "9:16"
web:dev:               }
web:dev:             ],
web:dev:             "visual_direction": {
web:dev:               "mood": "playful adventure with comedic beats and warm nostalgia",
web:dev:               "palette": "earthy greens and browns (Shrek/hobbit tones) with warm ember/orange accents for dragon fire and danger highlights",
web:dev:               "lighting": "cinematic rim/backlighting for character silhouettes, soft warm key light for hobbit home, high-contrast highlights on dragon scales",
web:dev:               "composition": "dynamic rule-of-thirds framing, low-angle hero shots for Shrek/Donkey, wide establishing shots for dangerous winding paths, close comedic two-shots for interactions",
web:dev:               "animation_style": "expressive character animation leaning on exaggerated comic timing, fluid camera moves (dolly/whip-pan) and fast cuts for the 15s edit",
web:dev:               "props_and_set": "winding mountain path, rustic hobbit door/round-window, small campfire embers, dragon wings/scale details as a character accessory"
web:dev:             },
web:dev:             "must_haves": [
web:dev:               "Clear, readable silhouettes of Shrek and Donkey (recognizable poses and proportions)",
web:dev:               "The hobbit-style house as the destination set piece (round door, warm light inside)",
web:dev:               "The dragon character presented as Donkey's wife — expressive, slightly comedic, with warm ember accents (no graphic fire gore)",
web:dev:               "Fast-paced edit for the 15s cut with one clear comedic payoff moment",
web:dev:               "Deliver vertical 9:16 and vertical-friendly 4:5 crops with safe framing for faces"
web:dev:             ],
web:dev:             "must_avoid": [
web:dev:               "Any graphic violence, gore, or sexualized portrayal of characters",
web:dev:               "Use of official studio logos, title treatments or verbatim copyrighted movie text within the image",
web:dev:               "Heavy on-screen text that requires legibility in the visual (overlay text to be handled separately)",
web:dev:               "Modern weapons or contemporary brand placements that break the fantasy tone"
web:dev:             ],
web:dev:             "cta_intent": "discover",
web:dev:             "references": [
web:dev:               "early-2000s family animated comedies for character tone and timing",
web:dev:               "epic fantasy landscape photography for wide establishing shots",
web:dev:               "fan-made crossover shorts and comedic buddy-road-trip animations for pacing and humor"
web:dev:             ],
web:dev:             "assumptions": [
web:dev:               "IP clearance or licensed permission to depict Shrek, Donkey and Lord of the Rings-style hobbit environments will be handled by the requester; if not available, creative direction will use inspired lookalikes",
web:dev:               "Deliverables required: 9:16 master and 4:5 crop, MP4 H.264, sRGB color profile",
web:dev:               "Primary language and audio will be English and will rely on visual storytelling plus simple ADR/voice cues rather than heavy on-screen text"
web:dev:             ],
web:dev:             "questions": [
web:dev:               "Do you have legal clearance to use Shrek and Lord of the Rings characters, or should we design inspired lookalikes?",
web:dev:               "Confirm preferred final runtime for paid placements: 15s only, or also 30s/60s variants?",
web:dev:               "Should character dialogue be original voice acting, mimicry, or silent visual comedy with captions?"
web:dev:             ]
web:dev:           }
web:dev:         },
web:dev:         "metadata": {
web:dev:           "displayName": "Step 1: enhance-brief"
web:dev:         }
web:dev:       },
web:dev:       {
web:dev:         "id": "5d4ac154-bc95-4ad6-87d2-a94660c5bb52",
web:dev:         "type": "step-start",
web:dev:         "name": "approval-gate",
web:dev:         "from": "approval-gate",
web:dev:         "startTime": "2026-02-02T14:14:57.027Z",
web:dev:         "endTime": "2026-02-02T14:14:57.027Z",
web:dev:         "status": "running",
web:dev:         "input": {
web:dev:           "enhancedBrief": {
web:dev:             "brief_type": "product",
web:dev:             "product": {
web:dev:               "category": "entertainment - animated crossover short",
web:dev:               "variant": "social-first video (15s teaser + 60s full edit)",
web:dev:               "hero_feature": "comedic fantasy crossover starring Shrek and Donkey traveling to a hobbit's house while accompanied by a dragon (Donkey's wife)",
web:dev:               "format": "hybrid 2D/3D animation delivered as social-ready MP4 H.264",
web:dev:               "runtime": "primary 15 seconds (feed/reel), full 60 seconds (premiere)",
web:dev:               "tone": "adventurous, humorous, family-friendly"
web:dev:             },
web:dev:             "goal": {
web:dev:               "primary": "Create a highly shareable social video that engages fans of both franchises and drives virality and social follows",
web:dev:               "secondary": "Drive traffic to the creator/studio channel for the full 60s premiere and collect new followers/subscribers"
web:dev:             },
web:dev:             "target_audience": {
web:dev:               "demographics": "Age 16-45, global English-speaking skew, fans of fantasy films and animated comedies, both genders",
web:dev:               "psychographics": "Enjoys fandom mashups, meme culture, humorous buddy stories, and unexpected crossovers; values nostalgia and comedic subversion",
web:dev:               "behaviors": "Regularly consumes short-form video on Instagram/TikTok/YouTube Shorts, follows fan-art and movie-fandom accounts, shares viral clips"
web:dev:             },
web:dev:             "usp": "A playful, unexpected crossover that blends beloved animated characters with epic fantasy settings — featuring a comedic twist where Donkey's wife is a dragon — designed for shareable short-form video.",
web:dev:             "offer": {
web:dev:               "type": "exclusive premiere + follow incentive",
web:dev:               "value": "15s teaser on Instagram/TikTok with a 60s full premiere on the creator's YouTube; viewers who follow the channel get a behind-the-scenes clip after premiere"
web:dev:             },
web:dev:             "placements": [
web:dev:               {
web:dev:                 "platform": "Instagram Feed",
web:dev:                 "format/aspect_ratio": "4:5"
web:dev:               },
web:dev:               {
web:dev:                 "platform": "Instagram Story / Reels",
web:dev:                 "format/aspect_ratio": "9:16"
web:dev:               },
web:dev:               {
web:dev:                 "platform": "TikTok Feed",
web:dev:                 "format/aspect_ratio": "9:16"
web:dev:               },
web:dev:               {
web:dev:                 "platform": "YouTube Shorts (premiere)",
web:dev:                 "format/aspect_ratio": "9:16"
web:dev:               }
web:dev:             ],
web:dev:             "visual_direction": {
web:dev:               "mood": "playful adventure with comedic beats and warm nostalgia",
web:dev:               "palette": "earthy greens and browns (Shrek/hobbit tones) with warm ember/orange accents for dragon fire and danger highlights",
web:dev:               "lighting": "cinematic rim/backlighting for character silhouettes, soft warm key light for hobbit home, high-contrast highlights on dragon scales",
web:dev:               "composition": "dynamic rule-of-thirds framing, low-angle hero shots for Shrek/Donkey, wide establishing shots for dangerous winding paths, close comedic two-shots for interactions",
web:dev:               "animation_style": "expressive character animation leaning on exaggerated comic timing, fluid camera moves (dolly/whip-pan) and fast cuts for the 15s edit",
web:dev:               "props_and_set": "winding mountain path, rustic hobbit door/round-window, small campfire embers, dragon wings/scale details as a character accessory"
web:dev:             },
web:dev:             "must_haves": [
web:dev:               "Clear, readable silhouettes of Shrek and Donkey (recognizable poses and proportions)",
web:dev:               "The hobbit-style house as the destination set piece (round door, warm light inside)",
web:dev:               "The dragon character presented as Donkey's wife — expressive, slightly comedic, with warm ember accents (no graphic fire gore)",
web:dev:               "Fast-paced edit for the 15s cut with one clear comedic payoff moment",
web:dev:               "Deliver vertical 9:16 and vertical-friendly 4:5 crops with safe framing for faces"
web:dev:             ],
web:dev:             "must_avoid": [
web:dev:               "Any graphic violence, gore, or sexualized portrayal of characters",
web:dev:               "Use of official studio logos, title treatments or verbatim copyrighted movie text within the image",
web:dev:               "Heavy on-screen text that requires legibility in the visual (overlay text to be handled separately)",
web:dev:               "Modern weapons or contemporary brand placements that break the fantasy tone"
web:dev:             ],
web:dev:             "cta_intent": "discover",
web:dev:             "references": [
web:dev:               "early-2000s family animated comedies for character tone and timing",
web:dev:               "epic fantasy landscape photography for wide establishing shots",
web:dev:               "fan-made crossover shorts and comedic buddy-road-trip animations for pacing and humor"
web:dev:             ],
web:dev:             "assumptions": [
web:dev:               "IP clearance or licensed permission to depict Shrek, Donkey and Lord of the Rings-style hobbit environments will be handled by the requester; if not available, creative direction will use inspired lookalikes",
web:dev:               "Deliverables required: 9:16 master and 4:5 crop, MP4 H.264, sRGB color profile",
web:dev:               "Primary language and audio will be English and will rely on visual storytelling plus simple ADR/voice cues rather than heavy on-screen text"
web:dev:             ],
web:dev:             "questions": [
web:dev:               "Do you have legal clearance to use Shrek and Lord of the Rings characters, or should we design inspired lookalikes?",
web:dev:               "Confirm preferred final runtime for paid placements: 15s only, or also 30s/60s variants?",
web:dev:               "Should character dialogue be original voice acting, mimicry, or silent visual comedy with captions?"
web:dev:             ]
web:dev:           }
web:dev:         },
web:dev:         "metadata": {
web:dev:           "displayName": "Step 2: approval-gate"
web:dev:         }
web:dev:       },
web:dev:       {
web:dev:         "id": "be672c18-80ca-4e76-a908-d3c2418bd056",
web:dev:         "type": "workflow-suspended",
web:dev:         "name": "approval-gate",
web:dev:         "from": "approval-gate",
web:dev:         "startTime": "2026-02-02T14:14:57.029Z",
web:dev:         "endTime": "2026-02-02T14:14:57.029Z",
web:dev:         "status": "suspended",
web:dev:         "input": {
web:dev:           "enhancedBrief": {
web:dev:             "brief_type": "product",
web:dev:             "product": {
web:dev:               "category": "entertainment - animated crossover short",
web:dev:               "variant": "social-first video (15s teaser + 60s full edit)",
web:dev:               "hero_feature": "comedic fantasy crossover starring Shrek and Donkey traveling to a hobbit's house while accompanied by a dragon (Donkey's wife)",
web:dev:               "format": "hybrid 2D/3D animation delivered as social-ready MP4 H.264",
web:dev:               "runtime": "primary 15 seconds (feed/reel), full 60 seconds (premiere)",
web:dev:               "tone": "adventurous, humorous, family-friendly"
web:dev:             },
web:dev:             "goal": {
web:dev:               "primary": "Create a highly shareable social video that engages fans of both franchises and drives virality and social follows",
web:dev:               "secondary": "Drive traffic to the creator/studio channel for the full 60s premiere and collect new followers/subscribers"
web:dev:             },
web:dev:             "target_audience": {
web:dev:               "demographics": "Age 16-45, global English-speaking skew, fans of fantasy films and animated comedies, both genders",
web:dev:               "psychographics": "Enjoys fandom mashups, meme culture, humorous buddy stories, and unexpected crossovers; values nostalgia and comedic subversion",
web:dev:               "behaviors": "Regularly consumes short-form video on Instagram/TikTok/YouTube Shorts, follows fan-art and movie-fandom accounts, shares viral clips"
web:dev:             },
web:dev:             "usp": "A playful, unexpected crossover that blends beloved animated characters with epic fantasy settings — featuring a comedic twist where Donkey's wife is a dragon — designed for shareable short-form video.",
web:dev:             "offer": {
web:dev:               "type": "exclusive premiere + follow incentive",
web:dev:               "value": "15s teaser on Instagram/TikTok with a 60s full premiere on the creator's YouTube; viewers who follow the channel get a behind-the-scenes clip after premiere"
web:dev:             },
web:dev:             "placements": [
web:dev:               {
web:dev:                 "platform": "Instagram Feed",
web:dev:                 "format/aspect_ratio": "4:5"
web:dev:               },
web:dev:               {
web:dev:                 "platform": "Instagram Story / Reels",
web:dev:                 "format/aspect_ratio": "9:16"
web:dev:               },
web:dev:               {
web:dev:                 "platform": "TikTok Feed",
web:dev:                 "format/aspect_ratio": "9:16"
web:dev:               },
web:dev:               {
web:dev:                 "platform": "YouTube Shorts (premiere)",
web:dev:                 "format/aspect_ratio": "9:16"
web:dev:               }
web:dev:             ],
web:dev:             "visual_direction": {
web:dev:               "mood": "playful adventure with comedic beats and warm nostalgia",
web:dev:               "palette": "earthy greens and browns (Shrek/hobbit tones) with warm ember/orange accents for dragon fire and danger highlights",
web:dev:               "lighting": "cinematic rim/backlighting for character silhouettes, soft warm key light for hobbit home, high-contrast highlights on dragon scales",
web:dev:               "composition": "dynamic rule-of-thirds framing, low-angle hero shots for Shrek/Donkey, wide establishing shots for dangerous winding paths, close comedic two-shots for interactions",
web:dev:               "animation_style": "expressive character animation leaning on exaggerated comic timing, fluid camera moves (dolly/whip-pan) and fast cuts for the 15s edit",
web:dev:               "props_and_set": "winding mountain path, rustic hobbit door/round-window, small campfire embers, dragon wings/scale details as a character accessory"
web:dev:             },
web:dev:             "must_haves": [
web:dev:               "Clear, readable silhouettes of Shrek and Donkey (recognizable poses and proportions)",
web:dev:               "The hobbit-style house as the destination set piece (round door, warm light inside)",
web:dev:               "The dragon character presented as Donkey's wife — expressive, slightly comedic, with warm ember accents (no graphic fire gore)",
web:dev:               "Fast-paced edit for the 15s cut with one clear comedic payoff moment",
web:dev:               "Deliver vertical 9:16 and vertical-friendly 4:5 crops with safe framing for faces"
web:dev:             ],
web:dev:             "must_avoid": [
web:dev:               "Any graphic violence, gore, or sexualized portrayal of characters",
web:dev:               "Use of official studio logos, title treatments or verbatim copyrighted movie text within the image",
web:dev:               "Heavy on-screen text that requires legibility in the visual (overlay text to be handled separately)",
web:dev:               "Modern weapons or contemporary brand placements that break the fantasy tone"
web:dev:             ],
web:dev:             "cta_intent": "discover",
web:dev:             "references": [
web:dev:               "early-2000s family animated comedies for character tone and timing",
web:dev:               "epic fantasy landscape photography for wide establishing shots",
web:dev:               "fan-made crossover shorts and comedic buddy-road-trip animations for pacing and humor"
web:dev:             ],
web:dev:             "assumptions": [
web:dev:               "IP clearance or licensed permission to depict Shrek, Donkey and Lord of the Rings-style hobbit environments will be handled by the requester; if not available, creative direction will use inspired lookalikes",
web:dev:               "Deliverables required: 9:16 master and 4:5 crop, MP4 H.264, sRGB color profile",
web:dev:               "Primary language and audio will be English and will rely on visual storytelling plus simple ADR/voice cues rather than heavy on-screen text"
web:dev:             ],
web:dev:             "questions": [
web:dev:               "Do you have legal clearance to use Shrek and Lord of the Rings characters, or should we design inspired lookalikes?",
web:dev:               "Confirm preferred final runtime for paid placements: 15s only, or also 30s/60s variants?",
web:dev:               "Should character dialogue be original voice acting, mimicry, or silent visual comedy with captions?"
web:dev:             ]
web:dev:           }
web:dev:         },
web:dev:         "metadata": {
web:dev:           "reason": "wait-for-feedback",
web:dev:           "suspendData": {
web:dev:             "enhancedBrief": {
web:dev:               "brief_type": "product",
web:dev:               "product": {
web:dev:                 "category": "entertainment - animated crossover short",
web:dev:                 "variant": "social-first video (15s teaser + 60s full edit)",
web:dev:                 "hero_feature": "comedic fantasy crossover starring Shrek and Donkey traveling to a hobbit's house while accompanied by a dragon (Donkey's wife)",
web:dev:                 "format": "hybrid 2D/3D animation delivered as social-ready MP4 H.264",
web:dev:                 "runtime": "primary 15 seconds (feed/reel), full 60 seconds (premiere)",
web:dev:                 "tone": "adventurous, humorous, family-friendly"
web:dev:               },
web:dev:               "goal": {
web:dev:                 "primary": "Create a highly shareable social video that engages fans of both franchises and drives virality and social follows",
web:dev:                 "secondary": "Drive traffic to the creator/studio channel for the full 60s premiere and collect new followers/subscribers"
web:dev:               },
web:dev:               "target_audience": {
web:dev:                 "demographics": "Age 16-45, global English-speaking skew, fans of fantasy films and animated comedies, both genders",
web:dev:                 "psychographics": "Enjoys fandom mashups, meme culture, humorous buddy stories, and unexpected crossovers; values nostalgia and comedic subversion",
web:dev:                 "behaviors": "Regularly consumes short-form video on Instagram/TikTok/YouTube Shorts, follows fan-art and movie-fandom accounts, shares viral clips"
web:dev:               },
web:dev:               "usp": "A playful, unexpected crossover that blends beloved animated characters with epic fantasy settings — featuring a comedic twist where Donkey's wife is a dragon — designed for shareable short-form video.",
web:dev:               "offer": {
web:dev:                 "type": "exclusive premiere + follow incentive",
web:dev:                 "value": "15s teaser on Instagram/TikTok with a 60s full premiere on the creator's YouTube; viewers who follow the channel get a behind-the-scenes clip after premiere"
web:dev:               },
web:dev:               "placements": [
web:dev:                 {
web:dev:                   "platform": "Instagram Feed",
web:dev:                   "format/aspect_ratio": "4:5"
web:dev:                 },
web:dev:                 {
web:dev:                   "platform": "Instagram Story / Reels",
web:dev:                   "format/aspect_ratio": "9:16"
web:dev:                 },
web:dev:                 {
web:dev:                   "platform": "TikTok Feed",
web:dev:                   "format/aspect_ratio": "9:16"
web:dev:                 },
web:dev:                 {
web:dev:                   "platform": "YouTube Shorts (premiere)",
web:dev:                   "format/aspect_ratio": "9:16"
web:dev:                 }
web:dev:               ],
web:dev:               "visual_direction": {
web:dev:                 "mood": "playful adventure with comedic beats and warm nostalgia",
web:dev:                 "palette": "earthy greens and browns (Shrek/hobbit tones) with warm ember/orange accents for dragon fire and danger highlights",
web:dev:                 "lighting": "cinematic rim/backlighting for character silhouettes, soft warm key light for hobbit home, high-contrast highlights on dragon scales",
web:dev:                 "composition": "dynamic rule-of-thirds framing, low-angle hero shots for Shrek/Donkey, wide establishing shots for dangerous winding paths, close comedic two-shots for interactions",
web:dev:                 "animation_style": "expressive character animation leaning on exaggerated comic timing, fluid camera moves (dolly/whip-pan) and fast cuts for the 15s edit",
web:dev:                 "props_and_set": "winding mountain path, rustic hobbit door/round-window, small campfire embers, dragon wings/scale details as a character accessory"
web:dev:               },
web:dev:               "must_haves": [
web:dev:                 "Clear, readable silhouettes of Shrek and Donkey (recognizable poses and proportions)",
web:dev:                 "The hobbit-style house as the destination set piece (round door, warm light inside)",
web:dev:                 "The dragon character presented as Donkey's wife — expressive, slightly comedic, with warm ember accents (no graphic fire gore)",
web:dev:                 "Fast-paced edit for the 15s cut with one clear comedic payoff moment",
web:dev:                 "Deliver vertical 9:16 and vertical-friendly 4:5 crops with safe framing for faces"
web:dev:               ],
web:dev:               "must_avoid": [
web:dev:                 "Any graphic violence, gore, or sexualized portrayal of characters",
web:dev:                 "Use of official studio logos, title treatments or verbatim copyrighted movie text within the image",
web:dev:                 "Heavy on-screen text that requires legibility in the visual (overlay text to be handled separately)",
web:dev:                 "Modern weapons or contemporary brand placements that break the fantasy tone"
web:dev:               ],
web:dev:               "cta_intent": "discover",
web:dev:               "references": [
web:dev:                 "early-2000s family animated comedies for character tone and timing",
web:dev:                 "epic fantasy landscape photography for wide establishing shots",
web:dev:                 "fan-made crossover shorts and comedic buddy-road-trip animations for pacing and humor"
web:dev:               ],
web:dev:               "assumptions": [
web:dev:                 "IP clearance or licensed permission to depict Shrek, Donkey and Lord of the Rings-style hobbit environments will be handled by the requester; if not available, creative direction will use inspired lookalikes",
web:dev:                 "Deliverables required: 9:16 master and 4:5 crop, MP4 H.264, sRGB color profile",
web:dev:                 "Primary language and audio will be English and will rely on visual storytelling plus simple ADR/voice cues rather than heavy on-screen text"
web:dev:               ],
web:dev:               "questions": [
web:dev:                 "Do you have legal clearance to use Shrek and Lord of the Rings characters, or should we design inspired lookalikes?",
web:dev:                 "Confirm preferred final runtime for paid placements: 15s only, or also 30s/60s variants?",
web:dev:                 "Should character dialogue be original voice acting, mimicry, or silent visual comedy with captions?"
web:dev:               ]
web:dev:             }
web:dev:           },
web:dev:           "suspension": {
web:dev:             "suspendedAt": "2026-02-02T14:14:57.028Z",
web:dev:             "reason": "wait-for-feedback",
web:dev:             "suspendedStepIndex": 1,
web:dev:             "lastEventSequence": 0,
web:dev:             "checkpoint": {
web:dev:               "stepExecutionState": {
web:dev:                 "enhancedBrief": {
web:dev:                   "brief_type": "product",
web:dev:                   "product": {
web:dev:                     "category": "entertainment - animated crossover short",
web:dev:                     "variant": "social-first video (15s teaser + 60s full edit)",
web:dev:                     "hero_feature": "comedic fantasy crossover starring Shrek and Donkey traveling to a hobbit's house while accompanied by a dragon (Donkey's wife)",
web:dev:                     "format": "hybrid 2D/3D animation delivered as social-ready MP4 H.264",
web:dev:                     "runtime": "primary 15 seconds (feed/reel), full 60 seconds (premiere)",
web:dev:                     "tone": "adventurous, humorous, family-friendly"
web:dev:                   },
web:dev:                   "goal": {
web:dev:                     "primary": "Create a highly shareable social video that engages fans of both franchises and drives virality and social follows",
web:dev:                     "secondary": "Drive traffic to the creator/studio channel for the full 60s premiere and collect new followers/subscribers"
web:dev:                   },
web:dev:                   "target_audience": {
web:dev:                     "demographics": "Age 16-45, global English-speaking skew, fans of fantasy films and animated comedies, both genders",
web:dev:                     "psychographics": "Enjoys fandom mashups, meme culture, humorous buddy stories, and unexpected crossovers; values nostalgia and comedic subversion",
web:dev:                     "behaviors": "Regularly consumes short-form video on Instagram/TikTok/YouTube Shorts, follows fan-art and movie-fandom accounts, shares viral clips"
web:dev:                   },
web:dev:                   "usp": "A playful, unexpected crossover that blends beloved animated characters with epic fantasy settings — featuring a comedic twist where Donkey's wife is a dragon — designed for shareable short-form video.",
web:dev:                   "offer": {
web:dev:                     "type": "exclusive premiere + follow incentive",
web:dev:                     "value": "15s teaser on Instagram/TikTok with a 60s full premiere on the creator's YouTube; viewers who follow the channel get a behind-the-scenes clip after premiere"
web:dev:                   },
web:dev:                   "placements": [
web:dev:                     {
web:dev:                       "platform": "Instagram Feed",
web:dev:                       "format/aspect_ratio": "4:5"
web:dev:                     },
web:dev:                     {
web:dev:                       "platform": "Instagram Story / Reels",
web:dev:                       "format/aspect_ratio": "9:16"
web:dev:                     },
web:dev:                     {
web:dev:                       "platform": "TikTok Feed",
web:dev:                       "format/aspect_ratio": "9:16"
web:dev:                     },
web:dev:                     {
web:dev:                       "platform": "YouTube Shorts (premiere)",
web:dev:                       "format/aspect_ratio": "9:16"
web:dev:                     }
web:dev:                   ],
web:dev:                   "visual_direction": {
web:dev:                     "mood": "playful adventure with comedic beats and warm nostalgia",
web:dev:                     "palette": "earthy greens and browns (Shrek/hobbit tones) with warm ember/orange accents for dragon fire and danger highlights",
web:dev:                     "lighting": "cinematic rim/backlighting for character silhouettes, soft warm key light for hobbit home, high-contrast highlights on dragon scales",
web:dev:                     "composition": "dynamic rule-of-thirds framing, low-angle hero shots for Shrek/Donkey, wide establishing shots for dangerous winding paths, close comedic two-shots for interactions",
web:dev:                     "animation_style": "expressive character animation leaning on exaggerated comic timing, fluid camera moves (dolly/whip-pan) and fast cuts for the 15s edit",
web:dev:                     "props_and_set": "winding mountain path, rustic hobbit door/round-window, small campfire embers, dragon wings/scale details as a character accessory"
web:dev:                   },
web:dev:                   "must_haves": [
web:dev:                     "Clear, readable silhouettes of Shrek and Donkey (recognizable poses and proportions)",
web:dev:                     "The hobbit-style house as the destination set piece (round door, warm light inside)",
web:dev:                     "The dragon character presented as Donkey's wife — expressive, slightly comedic, with warm ember accents (no graphic fire gore)",
web:dev:                     "Fast-paced edit for the 15s cut with one clear comedic payoff moment",
web:dev:                     "Deliver vertical 9:16 and vertical-friendly 4:5 crops with safe framing for faces"
web:dev:                   ],
web:dev:                   "must_avoid": [
web:dev:                     "Any graphic violence, gore, or sexualized portrayal of characters",
web:dev:                     "Use of official studio logos, title treatments or verbatim copyrighted movie text within the image",
web:dev:                     "Heavy on-screen text that requires legibility in the visual (overlay text to be handled separately)",
web:dev:                     "Modern weapons or contemporary brand placements that break the fantasy tone"
web:dev:                   ],
web:dev:                   "cta_intent": "discover",
web:dev:                   "references": [
web:dev:                     "early-2000s family animated comedies for character tone and timing",
web:dev:                     "epic fantasy landscape photography for wide establishing shots",
web:dev:                     "fan-made crossover shorts and comedic buddy-road-trip animations for pacing and humor"
web:dev:                   ],
web:dev:                   "assumptions": [
web:dev:                     "IP clearance or licensed permission to depict Shrek, Donkey and Lord of the Rings-style hobbit environments will be handled by the requester; if not available, creative direction will use inspired lookalikes",
web:dev:                     "Deliverables required: 9:16 master and 4:5 crop, MP4 H.264, sRGB color profile",
web:dev:                     "Primary language and audio will be English and will rely on visual storytelling plus simple ADR/voice cues rather than heavy on-screen text"
web:dev:                   ],
web:dev:                   "questions": [
web:dev:                     "Do you have legal clearance to use Shrek and Lord of the Rings characters, or should we design inspired lookalikes?",
web:dev:                     "Confirm preferred final runtime for paid placements: 15s only, or also 30s/60s variants?",
web:dev:                     "Should character dialogue be original voice acting, mimicry, or silent visual comedy with captions?"
web:dev:                   ]
web:dev:                 }
web:dev:               },
web:dev:               "completedStepsData": [
web:dev:                 0
web:dev:               ],
web:dev:               "workflowState": {}
web:dev:             },
web:dev:             "suspendData": {
web:dev:               "enhancedBrief": {
web:dev:                 "brief_type": "product",
web:dev:                 "product": {
web:dev:                   "category": "entertainment - animated crossover short",
web:dev:                   "variant": "social-first video (15s teaser + 60s full edit)",
web:dev:                   "hero_feature": "comedic fantasy crossover starring Shrek and Donkey traveling to a hobbit's house while accompanied by a dragon (Donkey's wife)",
web:dev:                   "format": "hybrid 2D/3D animation delivered as social-ready MP4 H.264",
web:dev:                   "runtime": "primary 15 seconds (feed/reel), full 60 seconds (premiere)",
web:dev:                   "tone": "adventurous, humorous, family-friendly"
web:dev:                 },
web:dev:                 "goal": {
web:dev:                   "primary": "Create a highly shareable social video that engages fans of both franchises and drives virality and social follows",
web:dev:                   "secondary": "Drive traffic to the creator/studio channel for the full 60s premiere and collect new followers/subscribers"
web:dev:                 },
web:dev:                 "target_audience": {
web:dev:                   "demographics": "Age 16-45, global English-speaking skew, fans of fantasy films and animated comedies, both genders",
web:dev:                   "psychographics": "Enjoys fandom mashups, meme culture, humorous buddy stories, and unexpected crossovers; values nostalgia and comedic subversion",
web:dev:                   "behaviors": "Regularly consumes short-form video on Instagram/TikTok/YouTube Shorts, follows fan-art and movie-fandom accounts, shares viral clips"
web:dev:                 },
web:dev:                 "usp": "A playful, unexpected crossover that blends beloved animated characters with epic fantasy settings — featuring a comedic twist where Donkey's wife is a dragon — designed for shareable short-form video.",
web:dev:                 "offer": {
web:dev:                   "type": "exclusive premiere + follow incentive",
web:dev:                   "value": "15s teaser on Instagram/TikTok with a 60s full premiere on the creator's YouTube; viewers who follow the channel get a behind-the-scenes clip after premiere"
web:dev:                 },
web:dev:                 "placements": [
web:dev:                   {
web:dev:                     "platform": "Instagram Feed",
web:dev:                     "format/aspect_ratio": "4:5"
web:dev:                   },
web:dev:                   {
web:dev:                     "platform": "Instagram Story / Reels",
web:dev:                     "format/aspect_ratio": "9:16"
web:dev:                   },
web:dev:                   {
web:dev:                     "platform": "TikTok Feed",
web:dev:                     "format/aspect_ratio": "9:16"
web:dev:                   },
web:dev:                   {
web:dev:                     "platform": "YouTube Shorts (premiere)",
web:dev:                     "format/aspect_ratio": "9:16"
web:dev:                   }
web:dev:                 ],
web:dev:                 "visual_direction": {
web:dev:                   "mood": "playful adventure with comedic beats and warm nostalgia",
web:dev:                   "palette": "earthy greens and browns (Shrek/hobbit tones) with warm ember/orange accents for dragon fire and danger highlights",
web:dev:                   "lighting": "cinematic rim/backlighting for character silhouettes, soft warm key light for hobbit home, high-contrast highlights on dragon scales",
web:dev:                   "composition": "dynamic rule-of-thirds framing, low-angle hero shots for Shrek/Donkey, wide establishing shots for dangerous winding paths, close comedic two-shots for interactions",
web:dev:                   "animation_style": "expressive character animation leaning on exaggerated comic timing, fluid camera moves (dolly/whip-pan) and fast cuts for the 15s edit",
web:dev:                   "props_and_set": "winding mountain path, rustic hobbit door/round-window, small campfire embers, dragon wings/scale details as a character accessory"
web:dev:                 },
web:dev:                 "must_haves": [
web:dev:                   "Clear, readable silhouettes of Shrek and Donkey (recognizable poses and proportions)",
web:dev:                   "The hobbit-style house as the destination set piece (round door, warm light inside)",
web:dev:                   "The dragon character presented as Donkey's wife — expressive, slightly comedic, with warm ember accents (no graphic fire gore)",
web:dev:                   "Fast-paced edit for the 15s cut with one clear comedic payoff moment",
web:dev:                   "Deliver vertical 9:16 and vertical-friendly 4:5 crops with safe framing for faces"
web:dev:                 ],
web:dev:                 "must_avoid": [
web:dev:                   "Any graphic violence, gore, or sexualized portrayal of characters",
web:dev:                   "Use of official studio logos, title treatments or verbatim copyrighted movie text within the image",
web:dev:                   "Heavy on-screen text that requires legibility in the visual (overlay text to be handled separately)",
web:dev:                   "Modern weapons or contemporary brand placements that break the fantasy tone"
web:dev:                 ],
web:dev:                 "cta_intent": "discover",
web:dev:                 "references": [
web:dev:                   "early-2000s family animated comedies for character tone and timing",
web:dev:                   "epic fantasy landscape photography for wide establishing shots",
web:dev:                   "fan-made crossover shorts and comedic buddy-road-trip animations for pacing and humor"
web:dev:                 ],
web:dev:                 "assumptions": [
web:dev:                   "IP clearance or licensed permission to depict Shrek, Donkey and Lord of the Rings-style hobbit environments will be handled by the requester; if not available, creative direction will use inspired lookalikes",
web:dev:                   "Deliverables required: 9:16 master and 4:5 crop, MP4 H.264, sRGB color profile",
web:dev:                   "Primary language and audio will be English and will rely on visual storytelling plus simple ADR/voice cues rather than heavy on-screen text"
web:dev:                 ],
web:dev:                 "questions": [
web:dev:                   "Do you have legal clearance to use Shrek and Lord of the Rings characters, or should we design inspired lookalikes?",
web:dev:                   "Confirm preferred final runtime for paid placements: 15s only, or also 30s/60s variants?",
web:dev:                   "Should character dialogue be original voice acting, mimicry, or silent visual comedy with captions?"
web:dev:                 ]
web:dev:               }
web:dev:             }
web:dev:           }
web:dev:         }
web:dev:       }
web:dev:     ]
web:dev:   }
web:dev: }
web:dev: [NanoBananaAPI] Updated status from details: suspended
web:dev: [NanoBananaAPI] Found enhancedBrief!
web:dev: [NanoBananaAPI] Enhanced brief from details: YES
web:dev: [NanoBananaAPI] Final: status=suspended, hasEnhancedBrief=true
web:dev: [NanoBananaAPI] Returning to frontend: status=suspended, hasEnhancedBrief=true, requiresApproval=true
web:dev:  POST /api/nanobanana 200 in 49s (compile: 69ms, proxy.ts: 242ms, render: 49s)
web:dev:  GET /dashboard/projects/2ac3aafd-c857-4a7a-85c6-268230b83855/approval 200 in 513ms (compile: 400ms, proxy.ts: 101ms, render: 12ms)
web:dev:  GET /api/nanobanana/status?projectId=2ac3aafd-c857-4a7a-85c6-268230b83855 200 in 554ms (compile: 38ms, proxy.ts: 106ms, render: 411ms)
web:dev:  GET /api/nanobanana/status?projectId=2ac3aafd-c857-4a7a-85c6-268230b83855 200 in 489ms (compile: 1851µs, proxy.ts: 100ms, render: 387ms)
web:dev:  GET /dev-sw.js?dev-sw 404 in 213ms (compile: 11ms, proxy.ts: 176ms, render: 26ms)
web:dev: [ResumeAPI] Resuming execution e14a883c-4862-47c2-8cba-d3bb20e952ba. Approved: true
web:dev: [ResumeAPI] Sending resume payload: {"resumeData":{"approved":true,"feedback":""}}
web:dev:  GET /dev-sw.js?dev-sw 404 in 213ms (compile: 12ms, proxy.ts: 162ms, render: 39ms)
web:dev: [ResumeAPI] Resumed. New Status: completed {
web:dev:   "executionId": "e14a883c-4862-47c2-8cba-d3bb20e952ba",
web:dev:   "startAt": "2026-02-02T14:15:46.104Z",
web:dev:   "endAt": "2026-02-02T14:17:33.263Z",
web:dev:   "status": "completed",
web:dev:   "result": {
web:dev:     "enhancedBrief": {
web:dev:       "brief_type": "product",
web:dev:       "product": {
web:dev:         "category": "entertainment - animated crossover short",
web:dev:         "variant": "social-first video (15s teaser + 60s full edit)",
web:dev:         "hero_feature": "comedic fantasy crossover starring Shrek and Donkey traveling to a hobbit's house while accompanied by a dragon (Donkey's wife)",
web:dev:         "format": "hybrid 2D/3D animation delivered as social-ready MP4 H.264",
web:dev:         "runtime": "primary 15 seconds (feed/reel), full 60 seconds (premiere)",
web:dev:         "tone": "adventurous, humorous, family-friendly"
web:dev:       },
web:dev:       "goal": {
web:dev:         "primary": "Create a highly shareable social video that engages fans of both franchises and drives virality and social follows",
web:dev:         "secondary": "Drive traffic to the creator/studio channel for the full 60s premiere and collect new followers/subscribers"
web:dev:       },
web:dev:       "target_audience": {
web:dev:         "demographics": "Age 16-45, global English-speaking skew, fans of fantasy films and animated comedies, both genders",
web:dev:         "psychographics": "Enjoys fandom mashups, meme culture, humorous buddy stories, and unexpected crossovers; values nostalgia and comedic subversion",
web:dev:         "behaviors": "Regularly consumes short-form video on Instagram/TikTok/YouTube Shorts, follows fan-art and movie-fandom accounts, shares viral clips"
web:dev:       },
web:dev:       "usp": "A playful, unexpected crossover that blends beloved animated characters with epic fantasy settings — featuring a comedic twist where Donkey's wife is a dragon — designed for shareable short-form video.",
web:dev:       "offer": {
web:dev:         "type": "exclusive premiere + follow incentive",
web:dev:         "value": "15s teaser on Instagram/TikTok with a 60s full premiere on the creator's YouTube; viewers who follow the channel get a behind-the-scenes clip after premiere"
web:dev:       },
web:dev:       "placements": [
web:dev:         {
web:dev:           "platform": "Instagram Feed",
web:dev:           "format/aspect_ratio": "4:5"
web:dev:         },
web:dev:         {
web:dev:           "platform": "Instagram Story / Reels",
web:dev:           "format/aspect_ratio": "9:16"
web:dev:         },
web:dev:         {
web:dev:           "platform": "TikTok Feed",
web:dev:           "format/aspect_ratio": "9:16"
web:dev:         },
web:dev:         {
web:dev:           "platform": "YouTube Shorts (premiere)",
web:dev:           "format/aspect_ratio": "9:16"
web:dev:         }
web:dev:       ],
web:dev:       "visual_direction": {
web:dev:         "mood": "playful adventure with comedic beats and warm nostalgia",
web:dev:         "palette": "earthy greens and browns (Shrek/hobbit tones) with warm ember/orange accents for dragon fire and danger highlights",
web:dev:         "lighting": "cinematic rim/backlighting for character silhouettes, soft warm key light for hobbit home, high-contrast highlights on dragon scales",
web:dev:         "composition": "dynamic rule-of-thirds framing, low-angle hero shots for Shrek/Donkey, wide establishing shots for dangerous winding paths, close comedic two-shots for interactions",
web:dev:         "animation_style": "expressive character animation leaning on exaggerated comic timing, fluid camera moves (dolly/whip-pan) and fast cuts for the 15s edit",
web:dev:         "props_and_set": "winding mountain path, rustic hobbit door/round-window, small campfire embers, dragon wings/scale details as a character accessory"
web:dev:       },
web:dev:       "must_haves": [
web:dev:         "Clear, readable silhouettes of Shrek and Donkey (recognizable poses and proportions)",
web:dev:         "The hobbit-style house as the destination set piece (round door, warm light inside)",
web:dev:         "The dragon character presented as Donkey's wife — expressive, slightly comedic, with warm ember accents (no graphic fire gore)",
web:dev:         "Fast-paced edit for the 15s cut with one clear comedic payoff moment",
web:dev:         "Deliver vertical 9:16 and vertical-friendly 4:5 crops with safe framing for faces"
web:dev:       ],
web:dev:       "must_avoid": [
web:dev:         "Any graphic violence, gore, or sexualized portrayal of characters",
web:dev:         "Use of official studio logos, title treatments or verbatim copyrighted movie text within the image",
web:dev:         "Heavy on-screen text that requires legibility in the visual (overlay text to be handled separately)",
web:dev:         "Modern weapons or contemporary brand placements that break the fantasy tone"
web:dev:       ],
web:dev:       "cta_intent": "discover",
web:dev:       "references": [
web:dev:         "early-2000s family animated comedies for character tone and timing",
web:dev:         "epic fantasy landscape photography for wide establishing shots",
web:dev:         "fan-made crossover shorts and comedic buddy-road-trip animations for pacing and humor"
web:dev:       ],
web:dev:       "assumptions": [
web:dev:         "IP clearance or licensed permission to depict Shrek, Donkey and Lord of the Rings-style hobbit environments will be handled by the requester; if not available, creative direction will use inspired lookalikes",
web:dev:         "Deliverables required: 9:16 master and 4:5 crop, MP4 H.264, sRGB color profile",
web:dev:         "Primary language and audio will be English and will rely on visual storytelling plus simple ADR/voice cues rather than heavy on-screen text"
web:dev:       ],
web:dev:       "questions": [
web:dev:         "Do you have legal clearance to use Shrek and Lord of the Rings characters, or should we design inspired lookalikes?",
web:dev:         "Confirm preferred final runtime for paid placements: 15s only, or also 30s/60s variants?",
web:dev:         "Should character dialogue be original voice acting, mimicry, or silent visual comedy with captions?"
web:dev:       ]
web:dev:     },
web:dev:     "prompts": [
web:dev:       {
web:dev:         "personaId": "creative-generator-performance",
web:dev:         "prompt": {
web:dev:           "product": {
web:dev:             "category": "entertainment - animated crossover short",
web:dev:             "variant": "social-first video 15s teaser and 60s full",
web:dev:             "hero_feature": "comedic fantasy crossover with Shrek and Donkey",
web:dev:             "format": "hybrid 2D/3D animation MP4 H.264 export",
web:dev:             "runtime": "primary 15s teaser with full 60s premiere",
web:dev:             "tone": "adventurous humorous family-friendly tone",
web:dev:             "material": "rigged character assets and textured environments",
web:dev:             "color": "earthy greens and browns with ember orange accents",
web:dev:             "origin": "creator-studio original or inspired lookalike option"
web:dev:           },
web:dev:           "composition": {
web:dev:             "framing": "dynamic rule-of-thirds composition with safe margins",
web:dev:             "product_placement": "hero characters foreground center-left, hobbit door background",
web:dev:             "negative_space": "generous negative space for overlays and captions",
web:dev:             "aspect_ratio": "primary vertical 9:16 with feed-friendly 4:5 crop",
web:dev:             "angle": "low-angle hero shots and wide establishing shots",
web:dev:             "safe_crop": "center-weighted composition that crops safely to 1:1"
web:dev:           },
web:dev:           "scene": {
web:dev:             "background": "winding mountain path leading to hobbit house",
web:dev:             "props": "rustic round-hobbit door, small campfire embers, dragon wings detail",
web:dev:             "location": "fantasy hobbit-style village entrance at dusk",
web:dev:             "atmosphere": "playful adventurous warm nostalgia with comedic beats",
web:dev:             "set_piece": "hobbit-style house with warm interior light visible"
web:dev:           },
web:dev:           "lighting": {
web:dev:             "style": "cinematic rim lighting plus soft warm key light",
web:dev:             "temperature": "warm amber highlights with cool green shadow balance",
web:dev:             "direction": "backlight rim from sunset with soft frontal fill",
web:dev:             "intensity": "moderate contrast with punchy highlights on scales",
web:dev:             "shadows": "soft long silhouette shadows and crisp rim separation"
web:dev:           },
web:dev:           "camera": {
web:dev:             "lens": "35mm to 50mm cinematic lens range for social",
web:dev:             "dof": "shallow depth of field for strong subject separation",
web:dev:             "focal_length": "variable focal length from wide establishing to close",
web:dev:             "perspective": "low-angle hero perspective and eye-level two-shots",
web:dev:             "camera_moves": "fluid dolly, whip-pan and quick edit-friendly cuts"
web:dev:           },
web:dev:           "style": {
web:dev:             "vibe": "playful adventurous nostalgic family comedy vibe",
web:dev:             "palette": "earthy greens browns contrasted by ember orange accents",
web:dev:             "aesthetic": "clean readable silhouettes and bold simple shapes",
web:dev:             "mood": "warm comedic beats with light suspenseful tension",
web:dev:             "animation_style": "expressive exaggerated comic timing and squash-stretch"
web:dev:           },
web:dev:           "subject": {
web:dev:             "type": "recognizable ogre and donkey characters or lookalikes",
web:dev:             "pose": "low-angle confident stride and animated sidekick posture",
web:dev:             "clothing": "fantasy rustic clothing with simple textured fabrics",
web:dev:             "relationship": "donkey and dragon presented as comedic married couple",
web:dev:             "expressions": "exaggerated friendly comedic facial expressions for clarity"
web:dev:           },
web:dev:           "rules": [
web:dev:             "Clear readable silhouettes of ogre and donkey characters",
web:dev:             "Hobbit-style round door visible as destination set piece",
web:dev:             "Dragon shown as Donkey's wife with warm ember accents",
web:dev:             "Fast-paced 15s edit with one clear comedic payoff",
web:dev:             "Deliver vertical 9:16 master and vertical-friendly 4:5 crop",
web:dev:             "No graphic violence, gore, or sexualized portrayals allowed",
web:dev:             "Do not include official studio logos or verbatim movie text",
web:dev:             "Avoid heavy on-screen text; leave space for overlays",
web:dev:             "No modern weapons or contemporary brand placements present",
web:dev:             "Ensure face-safe zones for platform cropping and thumbnails"
web:dev:           ]
web:dev:         }
web:dev:       },
web:dev:       {
web:dev:         "personaId": "creative-generator-artdirector",
web:dev:         "prompt": {
web:dev:           "product": {
web:dev:             "category": "entertainment animated crossover short film",
web:dev:             "variant": "social-first video 15s teaser 60s premiere",
web:dev:             "hero_feature": "comedic fantasy crossover starring Shrek and Donkey",
web:dev:             "material": "hybrid 2D and 3D animation pipeline",
web:dev:             "color": "earthy greens browns with ember orange",
web:dev:             "origin": "studio-quality social-ready MP4 H.264"
web:dev:           },
web:dev:           "composition": {
web:dev:             "framing": "dynamic rule-of-thirds framing throughout",
web:dev:             "product_placement": "characters placed on lower left third",
web:dev:             "negative_space": "wide negative space to emphasize scale",
web:dev:             "aspect_ratio": "optimized for vertical 9:16 and 4:5",
web:dev:             "angle": "low-angle heroic character camera shots"
web:dev:           },
web:dev:           "scene": {
web:dev:             "background": "winding mountain path with distant ridgeline",
web:dev:             "props": "rustic hobbit round door campfire embers",
web:dev:             "location": "hobbit-style house at path terminus",
web:dev:             "atmosphere": "playful adventurous warm nostalgic atmosphere"
web:dev:           },
web:dev:           "lighting": {
web:dev:             "style": "cinematic rim and backlighting accents",
web:dev:             "temperature": "warm key light at doorway",
web:dev:             "direction": "rim lights from behind characters",
web:dev:             "intensity": "medium-high contrast highlights on scales",
web:dev:             "shadows": "soft long shadows with gentle fill"
web:dev:           },
web:dev:           "camera": {
web:dev:             "lens": "35mm wide cinematic lens feel",
web:dev:             "dof": "shallow depth of field for faces",
web:dev:             "focal_length": "short focal length for drama",
web:dev:             "perspective": "fluid dolly moves and whip-pan edits"
web:dev:           },
web:dev:           "style": {
web:dev:             "vibe": "playful adventurous family-friendly comedy",
web:dev:             "palette": "earthy greens browns ember orange accents",
web:dev:             "aesthetic": "early-2000s animated comedy homage",
web:dev:             "mood": "nostalgic warm humorous tension throughout"
web:dev:           },
web:dev:           "subject": {
web:dev:             "type": "three characters: ogre donkey and dragon",
web:dev:             "pose": "low-angle stride combined with comedic banter",
web:dev:             "clothing": "fantasy rustic tunics saddlery and scales"
web:dev:           },
web:dev:           "rules": [
web:dev:             "Clear readable silhouettes of main characters",
web:dev:             "Hobbit-style round door with warm interior",
web:dev:             "Dragon depicted as Donkey's wife, comedic",
web:dev:             "Fast-paced 15s edit with single payoff",
web:dev:             "Deliver vertical 9:16 and 4:5 crops",
web:dev:             "No graphic violence gore or blood",
web:dev:             "No sexualized or suggestive character portrayals",
web:dev:             "Do not include studio logos or text",
web:dev:             "Avoid modern weapons and contemporary brands",
web:dev:             "No heavy on-screen legible promotional text"
web:dev:           ]
web:dev:         }
web:dev:       }
web:dev:     ],
web:dev:     "images": [
web:dev:       {
web:dev:         "personaId": "creative-generator-performance",
web:dev:         "imageUrl": {
web:dev:           "images": [
web:dev:             {
web:dev:               "url": "https://v3b.fal.media/files/b/0a8cde90/77rIF4TkJbpRys4H3zIe3_6v0QX75F.png",
web:dev:               "content_type": "image/png",
web:dev:               "file_name": "77rIF4TkJbpRys4H3zIe3_6v0QX75F.png",
web:dev:               "file_size": null,
web:dev:               "width": null,
web:dev:               "height": null
web:dev:             }
web:dev:           ],
web:dev:           "description": "image\n\n"
web:dev:         }
web:dev:       },
web:dev:       {
web:dev:         "personaId": "creative-generator-artdirector",
web:dev:         "imageUrl": {
web:dev:           "images": [
web:dev:             {
web:dev:               "url": "https://v3b.fal.media/files/b/0a8cde90/LiN9J3vpcR4CEEokmwh_u_VeAyqdQ9.png",
web:dev:               "content_type": "image/png",
web:dev:               "file_name": "LiN9J3vpcR4CEEokmwh_u_VeAyqdQ9.png",
web:dev:               "file_size": null,
web:dev:               "width": null,
web:dev:               "height": null
web:dev:             }
web:dev:           ],
web:dev:           "description": "**Framing the Project's Scope**\n\nI'm now zeroing in on the project's parameters: an animated short, which will blend 2D and 3D animation, the need for an earthy palette, and a rule-of-thirds composition. My primary focus is understanding the animation's specific style.\n\n\n\n**Analyzing Film's Visuals**\n\nI'm now refining the prompt generation. I've broken down the core ideas: a crossover short film, a 2D/3D hybrid, an earthy color scheme, and rule-of-thirds composition. I'm focusing on creating specific prompts for each scene. I'm aiming to create scene-specific descriptions.\n\n\n\n**Evaluating the Output**\n\nI'm assessing the latest results, confirming the image aligns with the provided description. I'm satisfied that it addresses the core elements requested. My focus is on ensuring all aspects of the instructions have been followed. The next step is to prepare the final product.\n\n\n"
web:dev:         }
web:dev:       }
web:dev:     ]
web:dev:   }
web:dev: }
web:dev: [ResumeAPI] Updated DB execution status to: completed
web:dev:  POST /api/nanobanana/resume 200 in 108s (compile: 42ms, proxy.ts: 157ms, render: 108s)
web:dev:  GET /dashboard/projects/2ac3aafd-c857-4a7a-85c6-268230b83855/results 200 in 537ms (compile: 414ms, proxy.ts: 112ms, render: 12ms)
web:dev: [StatusAPI] Found 2 images for execution marked as suspended - treating as completed
web:dev:  GET /api/nanobanana/status?projectId=2ac3aafd-c857-4a7a-85c6-268230b83855 200 in 403ms (compile: 4ms, proxy.ts: 101ms, render: 299ms)
web:dev: [StatusAPI] Found 2 images for execution marked as suspended - treating as completed
web:dev:  GET /api/nanobanana/status?projectId=2ac3aafd-c857-4a7a-85c6-268230b83855 200 in 431ms (compile: 3ms, proxy.ts: 106ms, render: 323ms)
web:dev:  GET /dashboard/projects/2ac3aafd-c857-4a7a-85c6-268230b83855/edit-image/1754b876-94c7-49fd-b374-d2e32d470bf1 200 in 759ms (compile: 363ms, proxy.ts: 151ms, render: 244ms)
web:dev:  GET /dashboard/projects/2ac3aafd-c857-4a7a-85c6-268230b83855/select-image 200 in 588ms (compile: 289ms, proxy.ts: 98ms, render: 201ms)
web:dev:  GET /dashboard/projects/2ac3aafd-c857-4a7a-85c6-268230b83855/edit-image/47171426-5811-4a85-a2ac-7edb6adb02e5 200 in 336ms (compile: 15ms, proxy.ts: 104ms, render: 217ms)
web:dev:  GET /dev-sw.js?dev-sw 404 in 208ms (compile: 6ms, proxy.ts: 171ms, render: 31ms)
web:dev: [NanoBananaEditAPI] Response: {
web:dev:   "success": true,
web:dev:   "data": {
web:dev:     "executionId": "f38509f3-e69d-4449-88a7-ea25f7ac43c9",
web:dev:     "startAt": "2026-02-02T14:18:07.426Z",
web:dev:     "endAt": "2026-02-02T14:18:50.463Z",
web:dev:     "status": "completed",
web:dev:     "result": {
web:dev:       "success": true,
web:dev:       "images": [
web:dev:         {
web:dev:           "images": [
web:dev:             {
web:dev:               "url": "https://v3b.fal.media/files/b/0a8cde9a/KdvOX1k28OR6nutuEA2au_Q9Np66Sk.png",
web:dev:               "content_type": "image/png",
web:dev:               "file_name": "KdvOX1k28OR6nutuEA2au_Q9Np66Sk.png",
web:dev:               "file_size": null,
web:dev:               "width": null,
web:dev:               "height": null
web:dev:             }
web:dev:           ],
web:dev:           "description": "**Adding New Characters**\n\nI'm currently focused on populating the scene with additional enemy characters. I'm placing them strategically around the existing figures on the bridge and the cliff faces, trying to create a sense of threat and balance. The original scene, with the hooded figure and the robot, is my starting point.\n\n\n\n**Defining Enemy Placement**\n\nMy current task involves positioning enemy characters. I'm focusing on the bridge and cliff faces. This builds upon the hooded figure and robot. I'm adding two goblin-like creatures with spears on the bridge, three winged creatures in the air, and a large rock monster from the cliff. The goal is stylistic consistency with the original scene.\n\n\n\n**Analyzing the Scene's Dynamics**\n\nThe generated image's composition is being critically examined. I'm focusing on how the newly added elements, specifically the goblins, bats, and golem, interact with the initial scene and each other. The goal is to assess the overall narrative impact of these additions.\n\n\n\n**Reviewing the Composition's Integrity**\n\nI'm now cross-referencing the initial prompt with the generated scene, particularly focusing on how well the new elements—the goblins, bats, and golem—align with the user's instructions. A key aspect is the seamless integration of these additions with the original scene's art style. My evaluation is nearing completion.\n\n\n"
web:dev:         }
web:dev:       ]
web:dev:     }
web:dev:   }
web:dev: }
web:dev: [NanoBananaEditAPI] Parsed voltExecutionId: f38509f3-e69d-4449-88a7-ea25f7ac43c9
web:dev: [NanoBananaEditAPI] Parsed images count: 1
web:dev: [NanoBananaEditAPI] Flattened images count: 1
web:dev: [NanoBananaEditAPI] Saving to DB for project: 2ac3aafd-c857-4a7a-85c6-268230b83855
web:dev: [NanoBananaEditAPI] Successfully saved to DB: [ { id: 'e1bd4f5e-b28a-4400-9832-7ec96b411411' } ]
web:dev:  POST /api/nanobanana/edit 200 in 44s (compile: 38ms, proxy.ts: 150ms, render: 44s)
web:dev:  GET /dashboard/projects/2ac3aafd-c857-4a7a-85c6-268230b83855/edit-image/47171426-5811-4a85-a2ac-7edb6adb02e5/compare/e1bd4f5e-b28a-4400-9832-7ec96b411411 200 in 247ms (compile: 15ms, proxy.ts: 97ms, render: 135ms)
web:dev:  GET /dev-sw.js?dev-sw 404 in 217ms (compile: 21ms, proxy.ts: 167ms, render: 29ms)
web:dev:  GET /dashboard/projects/2ac3aafd-c857-4a7a-85c6-268230b83855/edit-image/e1bd4f5e-b28a-4400-9832-7ec96b411411 200 in 477ms (compile: 15ms, proxy.ts: 181ms, render: 282ms)
web:dev:  GET /dev-sw.js?dev-sw 404 in 132ms (compile: 7ms, proxy.ts: 98ms, render: 27ms)
web:dev: [NanoBananaEditAPI] Response: {
web:dev:   "success": true,
web:dev:   "data": {
web:dev:     "executionId": "e789d814-19e5-47fd-b314-3fac5cff4fbc",
web:dev:     "startAt": "2026-02-02T14:20:23.576Z",
web:dev:     "endAt": "2026-02-02T14:20:48.818Z",
web:dev:     "status": "completed",
web:dev:     "result": {
web:dev:       "success": true,
web:dev:       "images": [
web:dev:         {
web:dev:           "images": [
web:dev:             {
web:dev:               "url": "https://v3b.fal.media/files/b/0a8cdea8/z5n79WdwV6dxOsyI1wsP6_n42q9RtF.png",
web:dev:               "content_type": "image/png",
web:dev:               "file_name": "z5n79WdwV6dxOsyI1wsP6_n42q9RtF.png",
web:dev:               "file_size": null,
web:dev:               "width": null,
web:dev:               "height": null
web:dev:             }
web:dev:           ],
web:dev:           "description": "**Assessing Scene Elements**\n\nI'm currently focused on the original game art. I've noted the hero, robot, various enemies, and environmental details, including the bridge and glowing plants. I'm also considering the compositional elements, specifically the rule of thirds. This is all in preparation for the night-time scene.\n\n\n\n**Transforming the Scene**\n\nI'm now implementing the night-time shift. My focus is on altering the sky, inserting a large moon, and adjusting the lighting scheme. The existing light sources, like the glowing plants and golem eyes, are key, as is the shadows. I'm actively working on adding the specified enemies to the scene.\n\n\n\n**Considering Prompt Compliance**\n\nI'm assessing how well the generated output aligns with the initial request. It appears the model accurately transformed the daytime setting to night, incorporating celestial bodies. Additionally, it seems the scene now includes the specified creatures, fulfilling the prompt's requirements.\n\n\n\n**Reviewing Request Fulfillment**\n\nI'm focused on the model's adherence to the original prompt. The scene's transformation to nighttime, complete with celestial elements, seems successful. The inclusion of goblins and bats also appears to be accurate. I'm evaluating the precision of the output concerning the initial instructions.\n\n\n"
web:dev:         }
web:dev:       ]
web:dev:     }
web:dev:   }
web:dev: }
web:dev: [NanoBananaEditAPI] Parsed voltExecutionId: e789d814-19e5-47fd-b314-3fac5cff4fbc
web:dev: [NanoBananaEditAPI] Parsed images count: 1
web:dev: [NanoBananaEditAPI] Flattened images count: 1
web:dev: [NanoBananaEditAPI] Saving to DB for project: 2ac3aafd-c857-4a7a-85c6-268230b83855
web:dev: [NanoBananaEditAPI] Successfully saved to DB: [ { id: 'd3832368-6815-4a2a-a5d6-8c51b1709c68' } ]
web:dev:  POST /api/nanobanana/edit 200 in 26.0s (compile: 9ms, proxy.ts: 186ms, render: 25.8s)
web:dev:  GET /dashboard/projects/2ac3aafd-c857-4a7a-85c6-268230b83855/edit-image/e1bd4f5e-b28a-4400-9832-7ec96b411411/compare/d3832368-6815-4a2a-a5d6-8c51b1709c68 200 in 266ms (compile: 22ms, proxy.ts: 109ms, render: 135ms)
web:dev:  GET /dev-sw.js?dev-sw 404 in 202ms (compile: 15ms, proxy.ts: 159ms, render: 28ms)
